// Jest Snapshot v1, https://goo.gl/fbAQLP

exports[`Connection › Entity Get entity shape when entity is not ready 1`] = `
Object {
  "alt": "",
  "author": Object {
    "avatar": "",
    "description": "",
    "fetching": false,
    "id": null,
    "link": "/",
    "mstId": "",
    "name": "",
    "pagedLink": [Function],
    "ready": false,
    "slug": "",
    "type": "author",
  },
  "avatar": "",
  "caption": "",
  "content": "",
  "creationDate": null,
  "description": "",
  "excerpt": "",
  "fetching": false,
  "headMeta": Object {
    "title": "",
  },
  "id": "someId",
  "link": "/",
  "media": Object {
    "content": Array [],
    "featured": Object {
      "alt": "",
      "author": Object {
        "avatar": "",
        "description": "",
        "fetching": false,
        "id": null,
        "link": "/",
        "mstId": "",
        "name": "",
        "pagedLink": [Function],
        "ready": false,
        "slug": "",
        "type": "author",
      },
      "caption": "",
      "creationDate": null,
      "description": "",
      "fetching": false,
      "headMeta": Object {
        "title": "",
      },
      "id": null,
      "link": "/",
      "mediaType": "",
      "mimeType": "",
      "mstId": "",
      "original": Object {
        "filename": "",
        "height": null,
        "url": "",
        "width": null,
      },
      "pagedLink": [Function],
      "ready": false,
      "sizes": Array [],
      "slug": "",
      "title": "",
      "type": "media",
    },
  },
  "mediaType": "",
  "mimeType": "",
  "modificationDate": null,
  "mstId": "someType_someId",
  "name": "",
  "original": Object {
    "filename": "",
    "height": null,
    "url": "",
    "width": null,
  },
  "pagedLink": [Function],
  "parent": null,
  "ready": false,
  "sizes": Array [],
  "slug": "",
  "target": "",
  "taxonomy": [Function],
  "title": "",
  "type": "someType",
}
`;
